{
  "allowlisted_test_values": [
    {
      "filename": "apps/api/src/zuno_edu/infrastructure/persistence/README.md",
      "type": "Basic Auth Credentials",
      "hashed_secret": "d51e67d24910fbdcb5fb78f1a1cf1a7b5d2e0fb3",
      "reason": "Public disposable local test database credentials; never production credentials."
    },
    {
      "filename": ".github/workflows/quality.yml",
      "type": "Basic Auth Credentials",
      "hashed_secret": "d51e67d24910fbdcb5fb78f1a1cf1a7b5d2e0fb3",
      "reason": "Same disposable database created only inside the isolated CI job."
    }
  ]
}
