{
  "allowlisted_test_values": [
    {
      "filename": "apps/api/src/zuno_edu/infrastructure/persistence/README.md",
      "type": "Basic Auth Credentials",
      "hashed_secret": "d51e67d24910fbdcb5fb78f1a1cf1a7b5d2e0fb3",
      "reason": "Public disposable local test database credentials; never production credentials."
    },
    {
      "filename": ".github/workflows/quality.yml",
      "type": "Basic Auth Credentials",
      "hashed_secret": "d51e67d24910fbdcb5fb78f1a1cf1a7b5d2e0fb3",
      "reason": "Same disposable database created only inside the isolated CI job."
    },
    {
      "filename": "tests/chunks/ZE-P02-C01/test_authentication_service.py",
      "type": "Secret Keyword",
      "hashed_secret": "88c0cfb581bdbebf61c31205f7d1bde90b0bfaaa",
      "reason": "Synthetic authentication regression input; never a deployment credential."
    },
    {
      "filename": "tests/chunks/ZE-P02-C01/test_authentication_service.py",
      "type": "Secret Keyword",
      "hashed_secret": "c10521a22e00aff34064b6e3ce011fe48eb336a9",
      "reason": "Synthetic authentication regression input; never a deployment credential."
    },
    {
      "filename": "tests/chunks/ZE-P02-C01/test_crypto.py",
      "type": "Secret Keyword",
      "hashed_secret": "8c71b3edcec37d58b300711e01cc2a7e34223176",
      "reason": "Synthetic authentication regression input; never a deployment credential."
    },
    {
      "filename": "tests/chunks/ZE-P02-C01/test_crypto.py",
      "type": "Secret Keyword",
      "hashed_secret": "85a61caf4ea5f0b363bb2a285512608e324faaa0",
      "reason": "Synthetic authentication regression input; never a deployment credential."
    },
    {
      "filename": "tests/chunks/ZE-P02-C01/test_crypto.py",
      "type": "Secret Keyword",
      "hashed_secret": "37c6c57bedf4305ef41249c1794760b5cb8fad17",
      "reason": "Synthetic authentication regression input; never a deployment credential."
    },
    {
      "filename": "tests/chunks/ZE-P02-C01/test_database_service.py",
      "type": "Secret Keyword",
      "hashed_secret": "9c4d3d1064ac8ae2bf9f774adfdc1b098d99cc6c",
      "reason": "Synthetic authentication regression input; never a deployment credential."
    }
  ]
}
