test_api_cannot_be_absent_from_its_implementation_chunk (test_plan_validation.PlanValidationTests.test_api_cannot_be_absent_from_its_implementation_chunk) ... ok
test_bootstrap_code_guard_does_not_claim_future_implementation_status (test_plan_validation.PlanValidationTests.test_bootstrap_code_guard_does_not_claim_future_implementation_status) ... ok
test_changed_design_cannot_keep_old_approval (test_plan_validation.PlanValidationTests.test_changed_design_cannot_keep_old_approval) ... ok
test_complete_bootstrap_is_valid (test_plan_validation.PlanValidationTests.test_complete_bootstrap_is_valid) ... ok
test_component_cannot_be_absent_from_its_implementation_chunk (test_plan_validation.PlanValidationTests.test_component_cannot_be_absent_from_its_implementation_chunk) ... ok
test_consumed_api_requires_its_implementation_prerequisite (test_plan_validation.PlanValidationTests.test_consumed_api_requires_its_implementation_prerequisite) ... ok
test_mapping_contract_drift_is_rejected (test_plan_validation.PlanValidationTests.test_mapping_contract_drift_is_rejected) ... ok
test_mapping_on_another_route_cannot_hide_a_missing_route_mapping (test_plan_validation.PlanValidationTests.test_mapping_on_another_route_cannot_hide_a_missing_route_mapping) ... ok
test_missing_frontend_mapping_is_rejected (test_plan_validation.PlanValidationTests.test_missing_frontend_mapping_is_rejected) ... ok
test_omitted_authority_cannot_escape_approval (test_plan_validation.PlanValidationTests.test_omitted_authority_cannot_escape_approval) ... ok
test_private_route_must_include_layout_component_and_session_read (test_plan_validation.PlanValidationTests.test_private_route_must_include_layout_component_and_session_read) ... ok
test_reused_component_requires_its_implementation_prerequisite (test_plan_validation.PlanValidationTests.test_reused_component_requires_its_implementation_prerequisite) ... ok
test_same_chunk_component_composition_cycle_is_rejected (test_plan_validation.PlanValidationTests.test_same_chunk_component_composition_cycle_is_rejected) ... ok
test_teacher_finance_contract_is_rejected (test_plan_validation.PlanValidationTests.test_teacher_finance_contract_is_rejected) ... ok
test_bot_implementation_merge_is_not_human_completion (test_reconciliation.ReconciliationTests.test_bot_implementation_merge_is_not_human_completion) ... ok
test_chunk_markdown_acceptance_body_is_scope_protected (test_reconciliation.ReconciliationTests.test_chunk_markdown_acceptance_body_is_scope_protected) ... ok
test_closed_pr_requires_exact_marker_and_human_disposition_releases_claim (test_reconciliation.ReconciliationTests.test_closed_pr_requires_exact_marker_and_human_disposition_releases_claim) ... ok
test_closed_unmerged_feature_only_claim_is_detected (test_reconciliation.ReconciliationTests.test_closed_unmerged_feature_only_claim_is_detected) ... ok
test_commit_message_is_not_completion_evidence (test_reconciliation.ReconciliationTests.test_commit_message_is_not_completion_evidence) ... ok
test_dependency_graph_rejects_cycles_unknown_dependencies_duplicates (test_reconciliation.ReconciliationTests.test_dependency_graph_rejects_cycles_unknown_dependencies_duplicates) ... ok
test_dirty_untracked_wrong_branch_and_diverged_master_stop (test_reconciliation.ReconciliationTests.test_dirty_untracked_wrong_branch_and_diverged_master_stop) ... ok
test_draft_effectively_locks_after_human_merge_without_master_writes (test_reconciliation.ReconciliationTests.test_draft_effectively_locks_after_human_merge_without_master_writes) ... ok
test_duplicate_or_wrong_branch_open_claims_are_blocked (test_reconciliation.ReconciliationTests.test_duplicate_or_wrong_branch_open_claims_are_blocked) ... ok
test_evidence_paths_cannot_escape_repository (test_reconciliation.ReconciliationTests.test_evidence_paths_cannot_escape_repository) ... ok
test_full_repository_plan_recovers_first_chunk_without_chat_context (test_reconciliation.ReconciliationTests.test_full_repository_plan_recovers_first_chunk_without_chat_context)
Use the actual plan and authority files in an isolated simulated human merge. ... ok
test_github_public_fallback_uses_fresh_tls_request (test_reconciliation.ReconciliationTests.test_github_public_fallback_uses_fresh_tls_request) ... ok
test_github_rate_limit_stops_selection_without_secret_disclosure (test_reconciliation.ReconciliationTests.test_github_rate_limit_stops_selection_without_secret_disclosure) ... ok
test_github_scope_raw_witnesses_share_one_tree_query (test_reconciliation.ReconciliationTests.test_github_scope_raw_witnesses_share_one_tree_query) ... ok
test_later_legitimate_artifact_edits_preserve_historical_completion (test_reconciliation.ReconciliationTests.test_later_legitimate_artifact_edits_preserve_historical_completion) ... ok
test_low_completion_accepts_lightweight_review_with_hashed_evidence (test_reconciliation.ReconciliationTests.test_low_completion_accepts_lightweight_review_with_hashed_evidence) ... ok
test_normal_merge_recovers_dependency_without_local_completion_claim (test_reconciliation.ReconciliationTests.test_normal_merge_recovers_dependency_without_local_completion_claim) ... ok
test_omitted_authority_witness_cannot_leave_scope_unprotected (test_reconciliation.ReconciliationTests.test_omitted_authority_witness_cannot_leave_scope_unprotected) ... ok
test_persisted_scope_status_preserves_digest_but_version_change_does_not (test_reconciliation.ReconciliationTests.test_persisted_scope_status_preserves_digest_but_version_change_does_not) ... ok
test_rebase_merged_evidence_is_recognized (test_reconciliation.ReconciliationTests.test_rebase_merged_evidence_is_recognized) ... ok
test_remote_merge_after_last_session_overrides_stale_handoff_and_cache (test_reconciliation.ReconciliationTests.test_remote_merge_after_last_session_overrides_stale_handoff_and_cache) ... ok
test_scope_unmerged_bot_merge_or_modified_plan_prevents_selection (test_reconciliation.ReconciliationTests.test_scope_unmerged_bot_merge_or_modified_plan_prevents_selection) ... ok
test_self_reported_complete_does_not_count (test_reconciliation.ReconciliationTests.test_self_reported_complete_does_not_count) ... ok
test_sensitive_completion_rejects_nonindependent_review (test_reconciliation.ReconciliationTests.test_sensitive_completion_rejects_nonindependent_review) ... ok
test_squash_merged_pr_open_becomes_complete_and_dependency_ready (test_reconciliation.ReconciliationTests.test_squash_merged_pr_open_becomes_complete_and_dependency_ready) ... C:\Users\fpath\AppData\Roaming\uv\python\cpython-3.14.7-windows-x86_64-none\Lib\tempfile.py:484: ResourceWarning: Implicitly cleaning up <HTTPError 403: 'secret-token-value'>
  _warnings.warn(self.warn_message, ResourceWarning)
ok
test_stale_remote_tracking_ref_stops (test_reconciliation.ReconciliationTests.test_stale_remote_tracking_ref_stops) ... ok
test_tampered_manifest_cannot_forge_completion (test_reconciliation.ReconciliationTests.test_tampered_manifest_cannot_forge_completion) ... ok
test_unmerged_pr_blocks_dependents_but_allows_independent_chunk (test_reconciliation.ReconciliationTests.test_unmerged_pr_blocks_dependents_but_allows_independent_chunk) ... ok
test_wrong_base_and_absent_merge_cannot_complete (test_reconciliation.ReconciliationTests.test_wrong_base_and_absent_merge_cannot_complete) ... ok
test_configured_alias_and_standard_github_origins_accepted (test_repository_identity.RepositoryIdentityTests.test_configured_alias_and_standard_github_origins_accepted) ... ok
test_different_repository_and_unapproved_hosts_rejected (test_repository_identity.RepositoryIdentityTests.test_different_repository_and_unapproved_hosts_rejected) ... ok
test_different_root_rejected (test_repository_identity.RepositoryIdentityTests.test_different_root_rejected) ... ok
test_equivalent_resolved_root_accepted (test_repository_identity.RepositoryIdentityTests.test_equivalent_resolved_root_accepted) ... ok
test_missing_identity_configuration_still_rejected (test_repository_identity.RepositoryIdentityTests.test_missing_identity_configuration_still_rejected) ... ok
test_all_actual_routes_and_current_handoff_validate (test_routing.RoutingTests.test_all_actual_routes_and_current_handoff_validate) ... ok
test_budget_overflow_requires_explicit_reason_not_truncation (test_routing.RoutingTests.test_budget_overflow_requires_explicit_reason_not_truncation) ... ok
test_conditional_forecast_never_selects_completed_or_mutates_plan (test_routing.RoutingTests.test_conditional_forecast_never_selects_completed_or_mutates_plan) ... ok
test_expanded_service_retains_method_contracts (test_routing.RoutingTests.test_expanded_service_retains_method_contracts) ... ok
test_first_foundation_uses_medium_without_maximum_default (test_routing.RoutingTests.test_first_foundation_uses_medium_without_maximum_default) ... ok
test_frontend_route_mapping_and_presentation_contracts_are_reachable (test_routing.RoutingTests.test_frontend_route_mapping_and_presentation_contracts_are_reachable) ... ok
test_handoff_and_state_validation (test_routing.RoutingTests.test_handoff_and_state_validation) ... ok
test_low_risk_established_crud_uses_lightweight_review (test_routing.RoutingTests.test_low_risk_established_crud_uses_lightweight_review) ... ok
test_medium_integration_model_and_raised_risk_take_precedence (test_routing.RoutingTests.test_medium_integration_model_and_raised_risk_take_precedence) ... ok
test_missing_route_reference_and_weak_review_policy_fail (test_routing.RoutingTests.test_missing_route_reference_and_weak_review_policy_fail) ... ok
test_sensitive_routes_require_independent_deep_review (test_routing.RoutingTests.test_sensitive_routes_require_independent_deep_review) ... ok
test_targeted_contract_excludes_unrelated_operations (test_routing.RoutingTests.test_targeted_contract_excludes_unrelated_operations) ... ok
test_whole_catalog_history_and_path_escape_are_rejected (test_routing.RoutingTests.test_whole_catalog_history_and_path_escape_are_rejected) ... ok

----------------------------------------------------------------------
Ran 61 tests in 431.078s

OK
