$ uv run --locked ruff check apps/api/src tests/chunks/ZE-P01-C02
   Building zuno-edu @ file:///C:/code/zuno-education/Zuno-Edu
      Built zuno-edu @ file:///C:/code/zuno-education/Zuno-Edu
Uninstalled 1 package in 5ms
Installed 1 package in 11ms
All checks passed!
EXIT_CODE=0

$ uv run --locked ruff format --check apps/api/src tests/chunks/ZE-P01-C02
28 files already formatted
EXIT_CODE=0

$ uv run --locked mypy apps/api/src tests/chunks/ZE-P01-C02
Success: no issues found in 27 source files
EXIT_CODE=0

$ uv run --locked python -m compileall -q apps/api/src tests/chunks/ZE-P01-C02
EXIT_CODE=0

$ uv run --locked python scripts/validate_plan.py
{
  "validation": "PASS",
  "requirements": 219,
  "planned_requirement_coverage": "100%",
  "phases": 12,
  "chunks": 62,
  "objects": 71,
  "services": 31,
  "ports": 34,
  "api_and_worker_operations": 321,
  "schemas": 486,
  "frontend_components": 110,
  "frontend_routes": 100,
  "skills": 46,
  "scope_witnesses": 113
}
EXIT_CODE=0

$ uv run --locked python scripts/next_chunk.py --validate
{
  "validation": "PASS",
  "routed_chunks": 62,
  "handoff_words": 144
}
EXIT_CODE=0

$ uv run --locked python scripts/reconcile_state.py --validate-plan
{
  "validation": "PASS",
  "chunks": 62,
  "execution_authorized": false
}
EXIT_CODE=0

$ uv run --locked alembic upgrade head
EXIT_CODE=0

$ uv run --locked alembic check
No new upgrade operations detected.
EXIT_CODE=0

$ uv run --locked pytest tests/chunks/ZE-P01-C02 -m migration -q
.                                                                        [100%]
============================== warnings summary ===============================
.venv\Lib\site-packages\fastapi\testclient.py:1
  C:\code\zuno-education\Zuno-Edu\.venv\Lib\site-packages\fastapi\testclient.py:1: StarletteDeprecationWarning: Using `httpx` with `starlette.testclient` is deprecated; install `httpx2` instead.
    from starlette.testclient import TestClient as TestClient  # noqa

.venv\Lib\site-packages\starlette\testclient.py:53
  C:\code\zuno-education\Zuno-Edu\.venv\Lib\site-packages\starlette\testclient.py:53: DeprecationWarning: The anyio.abc.BlockingPortal alias is deprecated, use anyio.from_thread.BlockingPortal instead.
    _PortalFactoryType = Callable[[], AbstractContextManager[anyio.abc.BlockingPortal]]

-- Docs: https://docs.pytest.org/en/stable/how-to/capture-warnings.html
1 passed, 25 deselected, 2 warnings in 1.91s
EXIT_CODE=0

$ uv build --no-sources
Building source distribution...
Building wheel from source distribution...
Successfully built dist\zuno_edu-0.1.0.tar.gz
Successfully built dist\zuno_edu-0.1.0-py3-none-any.whl
EXIT_CODE=0

$ git -c core.safecrlf=false diff --check
EXIT_CODE=0
